╭────────────────────────────────────────────────────────────────────────────────────╮
│                                                                                    │
│  Open todos   · filter: all   (13)                                                 │
│                                                                                    │
│  ────────────────────────────────────────────────────────────────────────────────  │
│  2026-05-22                                                                        │
│   ▶ LATER Audit fixture coverage                                                   │
│                                                                                    │
│  2026-05-24                                                                        │
│     TODO Ship the TUI MVP                                                          │
│                                                                                    │
│  2026-05-25                                                                        │
│     TODO Try the new picker                                                        │
│                                                                                    │
│  Alpha                                                                             │
│     TODO Buy milk                                                                  │
│     LATER [#A] Review the design doc                                               │
│                                                                                    │
│  Beta                                                                              │
│     DOING Write the parser                                                         │
│                                                                                    │
│  Hub                                                                               │
│     TODO Tidy up the hub                                                           │
│                                                                                    │
│  Workbench                                                                         │
│     TODO Replace the bench grinder belt                                            │
│     LATER [#C] Sharpen the lathe chisels                                           │
│     DOING Re-flatten the table saw fence                                           │
│     WAITING Quote on cast-iron wing                                                │
│                                                                                    │
│  kb/notes                                                                          │
│     LATER Index the kb namespace                                                   │
│                                                                                    │
│  proj/nested                                                                       │
│     WAITING [#B] Vendor response on quote                                          │
│                                                                                    │
│  ↑/↓ select · t cycle filter · enter open · esc back                               │
│                                                                                    │
╰────────────────────────────────────────────────────────────────────────────────────╯