╭──────────────────────────────────────────────────────────────────────────╮
│                                                                          │
│  Find a page                                                             │
│                                                                          │
│  > alp                                                                   │
│  ──────────────────────────────────────────────────────────────────────  │
│   ▶ Alpha                                                                │
│     ＋ Create "alp"                                                      │
│                                                                          │
│  ↑/↓ select · enter open · esc cancel                                    │
│                                                                          │
╰──────────────────────────────────────────────────────────────────────────╯