╭──────────────────────────────────────────────────────────────────────────╮
│                                                                          │
│  Search the graph                                                        │
│                                                                          │
│  / Beta                                                                  │
│  ──────────────────────────────────────────────────────────────────────  │
│   ▶ pages/Alpha.md:3       · links to Beta                               │
│     pages/Hub.md:2         · the hub mentions Beta in passing            │
│                                                                          │
│  ↑/↓ select · enter search/open · esc cancel                             │
│                                                                          │
╰──────────────────────────────────────────────────────────────────────────╯