╭────────────────────────────────────────────────────────────────────────────────────╮
│                                                                                    │
│  Open todos   · filter: LATER   (6)                                                │
│                                                                                    │
│  ────────────────────────────────────────────────────────────────────────────────  │
│  2026-05-22                                                                        │
│   ▶ LATER Audit fixture coverage                                                   │
│                                                                                    │
│  Alpha                                                                             │
│     LATER [#A] Review the design doc                                               │
│                                                                                    │
│  Workbench                                                                         │
│     LATER [#C] Sharpen the lathe chisels                                           │
│     LATER Wax the bench top                                                        │
│     LATER Plane the walnut slab                                                    │
│                                                                                    │
│  kb/notes                                                                          │
│     LATER Index the kb namespace                                                   │
│                                                                                    │
│  ↑/↓ select · t cycle filter · enter open · esc back                               │
│                                                                                    │
╰────────────────────────────────────────────────────────────────────────────────────╯