                                                                             
  title:: Alpha tags:: fixture                                               
                                                                             
  • This page links to [1;4;30;103;4mB[0m[1;4;30;103;4me[0m[1;4;30;103;4mt[0m[1;4;30;103;4ma[0m and the namespaced [4;94;4mp[0m[4;94;4mr[0m[4;94;4mo[0m[4;94;4mj[0m[4;94;4m/[0m[4;94;4mn[0m[4;94;4me[0m[4;94;4ms[0m[4;94;4mt[0m[4;94;4me[0m[4;94;4md[0m.                  
  • [1;91mTODO[0m Buy milk                                                            
  • [1;94mLATER[0m [#A] Review the design doc                                         
  • A link inside a fence should NOT be extracted:                           
    see [[ShouldNotMatch]] for details                                       
                                                                             
  • An aliased link to [4;94;4mt[0m[4;94;4mh[0m[4;94;4me[0m[94;4m [0m[4;94;4ms[0m[4;94;4me[0m[4;94;4mc[0m[4;94;4mo[0m[4;94;4mn[0m[4;94;4md[0m[94;4m [0m[4;94;4mp[0m[4;94;4ma[0m[4;94;4mg[0m[4;94;4me[0m.                                      
                                                                             
                                                                             
                                                                             
                                                                             
                                                                             
                                                                             
                                                                             
                                                                             
                                                                             
                                                                             
                                                                             
                                                                             