╭──────────────────────────────────────────────────────────────────────────╮
│                                                                          │
│  Search the graph                                                        │
│                                                                          │
│  /                                                                       │
│  ──────────────────────────────────────────────────────────────────────  │
│    type a query and press enter                                          │
│                                                                          │
│  ↑/↓ select · enter search/open · esc cancel                             │
│                                                                          │
╰──────────────────────────────────────────────────────────────────────────╯