link to [[A                                                                     
                                                                                
                                                                                
                                                                                
                                                                                
                                                                                
                                                                                
                                                                                
╭──────────────────────────────────────────────────────────────────────────────╮
│                                                                              │
│   ▶ Alpha                                                                    │
│     Beta                                                                     │
│     Orphan                                                                   │
│                                                                              │
╰──────────────────────────────────────────────────────────────────────────────╯
Note [edit] ●  ^S save · esc exit