
  link to [[A





  ╭────────────────────────────────────────────────────────────────────────────╮
  │                                                                            │
  │   ▶ Alpha                                                                  │
  │     Beta                                                                   │
  │     Orphan                                                                 │
  │                                                                            │
  ╰────────────────────────────────────────────────────────────────────────────╯
────────────────────────────────────────────────────────────────────────────────
  Note [edit] ●  ^S save · ^F find · esc exit