

  # Alpha                                                                     
                                                                              
  Intro with **bold** and Beta.                                               
                                                                              
  • first bullet                                                              
  - [[Beta]] link
                                                                              
  | a quote                                                                   


────────────────────────────────────────────────────────────────────────────────
  Alpha [edit · preview]  ^S save · ^F find · ^R source · esc exit