╭────────────────────────────────────────────────────────────────────────────────────╮
│                                                                                    │
│  Backlinks   → Orphan   (0)                                                        │
│                                                                                    │
│  ────────────────────────────────────────────────────────────────────────────────  │
│    no backlinks                                                                    │
│                                                                                    │
│  ↑/↓ select · enter open · b or esc close                                          │
│                                                                                    │
╰────────────────────────────────────────────────────────────────────────────────────╯