Alpha  ·  3 links
────────────────────────────────────────────────────────────────────────────────
                                                                                
  title:: Alpha tags:: fixture                                                  
                                                                                
  • This page links to Beta and the namespaced proj/nested.                     
  • TODO Buy milk                                                               
  • LATER [#A] Review the design doc                                            
  • A link inside a fence should NOT be extracted:                              
    see [[ShouldNotMatch]] for details                                          
                                                                                
  • An aliased link to the second page.                                         
                                                                                
                                                                                
                                                                                
                                                                                
                                                                                
                                                                                
                                                                                
                                                                                
                                                                                
                                                                                
                                                                                
                                                                                