╭────────────────────────────────────────────────────────────────────╮
│                                                                    │
│  Find a page                                                       │
│                                                                    │
│  > alp                                                             │
│  ────────────────────────────────────────────────────────────────  │
│   ▶ Alpha                                                          │
│                                                                    │
│  ↑/↓ select · enter open · esc cancel                              │
│                                                                    │
╰────────────────────────────────────────────────────────────────────╯