╭──────────────────────────────────────────────────────────────────────────╮
│                                                                          │
│  Agenda   · today 2026-05-25 Mon   (6)                                   │
│                                                                          │
│  ──────────────────────────────────────────────────────────────────────  │
│  Overdue                                                                 │
│   ▶ TODO [#B] Replace the dust colle…  scheduled 2026-05-20 · Workbench  │
│     LATER Wax the bench top  scheduled 2026-05-20 · Workbench            │
│                                                                          │
│  Today                                                                   │
│     TODO [#A] Order more hide …  scheduled 2026-05-25 09:30 · Workbench  │
│     DOING Glue up the drawer fr…  deadline 2026-05-25 17:00 · Workbench  │
│                                                                          │
│  Upcoming                                                                │
│     LATER Plane the…  scheduled 2026-05-28 · deadline 2026-05-27 · Wor…  │
│     WAITING Router bit delivery  deadline 2026-06-01 · Workbench         │
│                                                                          │
│  ↑/↓ select · x done/undo · enter open · esc back                        │
│                                                                          │
╰──────────────────────────────────────────────────────────────────────────╯