╭────────────────────────────────────────────────────────────────────────────────────╮
│                                                                                    │
│  Open todos   · filter: LATER   (1)                                                │
│                                                                                    │
│  ────────────────────────────────────────────────────────────────────────────────  │
│  Alpha                                                                             │
│   ▶ LATER [#A] Review the design doc                                               │
│                                                                                    │
│  ↑/↓ select · t cycle filter · enter open · esc back                               │
│                                                                                    │
╰────────────────────────────────────────────────────────────────────────────────────╯