- first bullet                                                                  
- [[Beta]] link                                                                 
                                                                                
                                                                                
                                                                                
                                                                                
                                                                                
                                                                                
                                                                                
                                                                                
                                                                                
Alpha [edit]  ^S save · esc exit