
  x                                                                             
  edited                                                                        
                                                                                
                                                                                
                                                                                
                                                                                
                                                                                
                                                                                
                                                                                
                                                                                
  Save changes?  [s]ave · [d]iscard · [c]ancel