╭────────────────────────────────────────────────────────────────────────────────────╮
│                                                                                    │
│  Backlinks   → Hub   (2)                                                           │
│                                                                                    │
│  ────────────────────────────────────────────────────────────────────────────────  │
│     kb/notes:4  · - Knowledge-base notes under the kb namespace. Mentions [[Hub]…  │
│     2026-05-25:1  · - Linked [[Hub]] today and noted [[Workbench]] follow-ups.     │
│     ── Unlinked references  (2)                                                    │
│   ▶ Beta:3  · a bare Hub mention                                                   │
│     2026-05-24:9  · Hub came up today                                              │
│                                                                                    │
│  ── Linkify in Beta:3                                                              │
│    before:  a bare Hub mention                                                     │
│    after:   a bare [[Hub]] mention                                                 │
│                                                                                    │
│    y confirm · n/esc cancel                                                        │
│                                                                                    │
╰────────────────────────────────────────────────────────────────────────────────────╯