
  [1m# [m[1mHeading[m[1m one[m                                           
                                                          
  [1m## [m[1mHeading[m[1m two[m                                          
                                                          
  [1m### [m[1mHeading[m[1m three[m                                       
                                                          
  A paragraph with [1m**[m[1mbold[m[1m**[m, [3m*[m[3mitalic[m[3m*[m, ~~[9mstruck[m~~, code   
  span, a [1mmarkdown link[m, a [4;94;4mW[m[4;94;4mi[m[4;94;4mk[m[4;94;4mi[m[94;4m [m[4;94;4mT[m[4;94;4ma[m[4;94;4mr[m[4;94;4mg[m[4;94;4me[m[4;94;4mt[m and an [4;94;4ma[m[4;94;4ml[m[4;94;4mi[m[4;94;4ma[m[4;94;4ms[m[4;94;4me[m[4;94;4md[m[94;4m [m[4;94;4ml[m[4;94;4mi[m[4;94;4mn[m[4;94;4mk[m
  in it.                                                  
                                                          
  • [1;91mTODO[m top level task                                   
      • [1;92mDONE[m nested task                                  
          • [1;93mDOING[m third level with a long wrapping line   
            that keeps going well past the sixty column     
            width so it must wrap                           
          • plain third level bullet                      
                                                          
                                                          
                                                          
  | a block quote over two lines                          
                                                          
   a                          | b                         
  ----------------------------|---------------------------
   1                          | 2                         
                                                          
  --------                                                
                                                          
    func main() {                                         
    	println("hi")                                         
    }                                                     
                                                          
  • [1;94mLATER[m with logbook                                    

